// Vitest Snapshot v1, https://vitest.dev/guide/snapshot.html

exports[`ToolBarMenu > should be rendered 1`] = `
<div>
  <div
    class="ql-toolbar ql-snow toolBarWrapper"
    id="test-id"
    role="toolbar"
  >
    <select
      aria-label="Font"
      class="ql-font select"
    />
    <select
      aria-label="Font size"
      class="ql-size select"
    >
      <option>
        Default
      </option>
      <option
        value="13px"
      >
        13px
      </option>
      <option
        value="14px"
      >
        14px
      </option>
      <option
        value="16px"
      >
        16px
      </option>
      <option
        value="18px"
      >
        18px
      </option>
      <option
        value="20px"
      >
        20px
      </option>
      <option
        value="24px"
      >
        24px
      </option>
      <option
        value="26px"
      >
        26px
      </option>
      <option
        value="28px"
      >
        28px
      </option>
      <option
        value="36px"
      >
        36px
      </option>
      <option
        value="48px"
      >
        48px
      </option>
    </select>
    <button
      aria-label="bold"
      aria-pressed="false"
      class="ql-bold button"
      type="button"
    >
      <svg
        viewBox="0 0 18 18"
      >
        <path
          class="ql-stroke"
          d="M5,4H9.5A2.5,2.5,0,0,1,12,6.5v0A2.5,2.5,0,0,1,9.5,9H5A0,0,0,0,1,5,9V4A0,0,0,0,1,5,4Z"
        />
        <path
          class="ql-stroke"
          d="M5,9h5.5A2.5,2.5,0,0,1,13,11.5v0A2.5,2.5,0,0,1,10.5,14H5a0,0,0,0,1,0,0V9A0,0,0,0,1,5,9Z"
        />
      </svg>
    </button>
    <button
      aria-label="italic"
      aria-pressed="false"
      class="ql-italic button"
      type="button"
    >
      <svg
        viewBox="0 0 18 18"
      >
        <line
          class="ql-stroke"
          x1="7"
          x2="13"
          y1="4"
          y2="4"
        />
        <line
          class="ql-stroke"
          x1="5"
          x2="11"
          y1="14"
          y2="14"
        />
        <line
          class="ql-stroke"
          x1="8"
          x2="10"
          y1="14"
          y2="4"
        />
      </svg>
    </button>
    <button
      aria-label="underline"
      aria-pressed="false"
      class="ql-underline button"
      type="button"
    >
      <svg
        viewBox="0 0 18 18"
      >
        <path
          class="ql-stroke"
          d="M5,3V9a4.012,4.012,0,0,0,4,4H9a4.012,4.012,0,0,0,4-4V3"
        />
        <rect
          class="ql-fill"
          height="1"
          rx="0.5"
          ry="0.5"
          width="12"
          x="3"
          y="15"
        />
      </svg>
    </button>
    <button
      aria-label="strike"
      aria-pressed="false"
      class="ql-strike button"
      type="button"
    >
      <svg
        viewBox="0 0 18 18"
      >
        <line
          class="ql-stroke ql-thin"
          x1="15.5"
          x2="2.5"
          y1="8.5"
          y2="9.5"
        />
        <path
          class="ql-fill"
          d="M9.007,8C6.542,7.791,6,7.519,6,6.5,6,5.792,7.283,5,9,5c1.571,0,2.765.679,2.969,1.309a1,1,0,0,0,1.9-.617C13.356,4.106,11.354,3,9,3,6.2,3,4,4.538,4,6.5a3.2,3.2,0,0,0,.5,1.843Z"
        />
        <path
          class="ql-fill"
          d="M8.984,10C11.457,10.208,12,10.479,12,11.5c0,0.708-1.283,1.5-3,1.5-1.571,0-2.765-.679-2.969-1.309a1,1,0,1,0-1.9.617C4.644,13.894,6.646,15,9,15c2.8,0,5-1.538,5-3.5a3.2,3.2,0,0,0-.5-1.843Z"
        />
      </svg>
    </button>
    <select
      aria-label="Line height"
      class="ql-line-height select lineHeight"
    >
      <option
        value="1.0"
      />
      <option
        value="1.1"
      />
      <option
        value="1.2"
      />
      <option
        value="1.3"
      />
      <option
        value="1.4"
      />
      <option
        value="1,5"
      />
      <option
        value="1.6"
      />
      <option
        value="3"
      />
      <option
        value="2"
      />
    </select>
    <button
      aria-label="list: ordered"
      aria-pressed="false"
      class="ql-list button"
      type="button"
      value="ordered"
    >
      <svg
        viewBox="0 0 18 18"
      >
        <line
          class="ql-stroke"
          x1="7"
          x2="15"
          y1="4"
          y2="4"
        />
        <line
          class="ql-stroke"
          x1="7"
          x2="15"
          y1="9"
          y2="9"
        />
        <line
          class="ql-stroke"
          x1="7"
          x2="15"
          y1="14"
          y2="14"
        />
        <line
          class="ql-stroke ql-thin"
          x1="2.5"
          x2="4.5"
          y1="5.5"
          y2="5.5"
        />
        <path
          class="ql-fill"
          d="M3.5,6A0.5,0.5,0,0,1,3,5.5V3.085l-0.276.138A0.5,0.5,0,0,1,2.053,3c-0.124-.247-0.023-0.324.224-0.447l1-.5A0.5,0.5,0,0,1,4,2.5v3A0.5,0.5,0,0,1,3.5,6Z"
        />
        <path
          class="ql-stroke ql-thin"
          d="M4.5,10.5h-2c0-.234,1.85-1.076,1.85-2.234A0.959,0.959,0,0,0,2.5,8.156"
        />
        <path
          class="ql-stroke ql-thin"
          d="M2.5,14.846a0.959,0.959,0,0,0,1.85-.109A0.7,0.7,0,0,0,3.75,14a0.688,0.688,0,0,0,.6-0.736,0.959,0.959,0,0,0-1.85-.109"
        />
      </svg>
    </button>
    <button
      aria-label="list: bullet"
      aria-pressed="false"
      class="ql-list button"
      type="button"
      value="bullet"
    >
      <svg
        viewBox="0 0 18 18"
      >
        <line
          class="ql-stroke"
          x1="6"
          x2="15"
          y1="4"
          y2="4"
        />
        <line
          class="ql-stroke"
          x1="6"
          x2="15"
          y1="9"
          y2="9"
        />
        <line
          class="ql-stroke"
          x1="6"
          x2="15"
          y1="14"
          y2="14"
        />
        <line
          class="ql-stroke"
          x1="3"
          x2="3"
          y1="4"
          y2="4"
        />
        <line
          class="ql-stroke"
          x1="3"
          x2="3"
          y1="9"
          y2="9"
        />
        <line
          class="ql-stroke"
          x1="3"
          x2="3"
          y1="14"
          y2="14"
        />
      </svg>
    </button>
    <select
      aria-label="Align"
      aria-pressed="false"
      class="ql-align select align"
    />
    <button
      aria-label="indent: -1"
      aria-pressed="false"
      class="ql-indent button"
      type="button"
      value="-1"
    >
      <svg
        viewBox="0 0 18 18"
      >
        <line
          class="ql-stroke"
          x1="3"
          x2="15"
          y1="14"
          y2="14"
        />
        <line
          class="ql-stroke"
          x1="3"
          x2="15"
          y1="4"
          y2="4"
        />
        <line
          class="ql-stroke"
          x1="9"
          x2="15"
          y1="9"
          y2="9"
        />
        <polyline
          class="ql-stroke"
          points="5 7 5 11 3 9 5 7"
        />
      </svg>
    </button>
    <button
      aria-label="indent: +1"
      aria-pressed="false"
      class="ql-indent button"
      type="button"
      value="+1"
    >
      <svg
        viewBox="0 0 18 18"
      >
        <line
          class="ql-stroke"
          x1="3"
          x2="15"
          y1="14"
          y2="14"
        />
        <line
          class="ql-stroke"
          x1="3"
          x2="15"
          y1="4"
          y2="4"
        />
        <line
          class="ql-stroke"
          x1="9"
          x2="15"
          y1="9"
          y2="9"
        />
        <polyline
          class="ql-fill ql-stroke"
          points="3 7 3 11 5 9 3 7"
        />
      </svg>
    </button>
    <button
      aria-label="link"
      aria-pressed="false"
      class="ql-link button"
      type="button"
    >
      <svg
        viewBox="0 0 18 18"
      >
        <line
          class="ql-stroke"
          x1="7"
          x2="11"
          y1="7"
          y2="11"
        />
        <path
          class="ql-even ql-stroke"
          d="M8.9,4.577a3.476,3.476,0,0,1,.36,4.679A3.476,3.476,0,0,1,4.577,8.9C3.185,7.5,2.035,6.4,4.217,4.217S7.5,3.185,8.9,4.577Z"
        />
        <path
          class="ql-even ql-stroke"
          d="M13.423,9.1a3.476,3.476,0,0,0-4.679-.36,3.476,3.476,0,0,0,.36,4.679c1.392,1.392,2.5,2.542,4.679.36S14.815,10.5,13.423,9.1Z"
        />
      </svg>
    </button>
    <button
      aria-label="image"
      aria-pressed="false"
      class="ql-image button"
      type="button"
    >
      <svg
        viewBox="0 0 18 18"
      >
        <rect
          class="ql-stroke"
          height="10"
          width="12"
          x="3"
          y="4"
        />
        <circle
          class="ql-fill"
          cx="6"
          cy="7"
          r="1"
        />
        <polyline
          class="ql-even ql-fill"
          points="5 12 5 11 7 9 8 10 11 7 13 9 13 12 5 12"
        />
      </svg>
    </button>
    <button
      aria-label="video"
      aria-pressed="false"
      class="ql-video button"
      type="button"
    >
      <svg
        viewBox="0 0 18 18"
      >
        <rect
          class="ql-stroke"
          height="12"
          width="12"
          x="3"
          y="3"
        />
        <rect
          class="ql-fill"
          height="12"
          width="1"
          x="5"
          y="3"
        />
        <rect
          class="ql-fill"
          height="12"
          width="1"
          x="12"
          y="3"
        />
        <rect
          class="ql-fill"
          height="2"
          width="8"
          x="5"
          y="8"
        />
        <rect
          class="ql-fill"
          height="1"
          width="3"
          x="3"
          y="5"
        />
        <rect
          class="ql-fill"
          height="1"
          width="3"
          x="3"
          y="7"
        />
        <rect
          class="ql-fill"
          height="1"
          width="3"
          x="3"
          y="10"
        />
        <rect
          class="ql-fill"
          height="1"
          width="3"
          x="3"
          y="12"
        />
        <rect
          class="ql-fill"
          height="1"
          width="3"
          x="12"
          y="5"
        />
        <rect
          class="ql-fill"
          height="1"
          width="3"
          x="12"
          y="7"
        />
        <rect
          class="ql-fill"
          height="1"
          width="3"
          x="12"
          y="10"
        />
        <rect
          class="ql-fill"
          height="1"
          width="3"
          x="12"
          y="12"
        />
      </svg>
    </button>
    <button
      aria-label="emoji"
      aria-pressed="false"
      class="ql-emoji button"
      type="button"
    >
      <svg
        viewBox="0 0 18 18"
      >
        <circle
          class="ql-fill"
          cx="7"
          cy="7"
          r="1"
        />
        <circle
          class="ql-fill"
          cx="11"
          cy="7"
          r="1"
        />
        <path
          class="ql-stroke"
          d="M7,10a2,2,0,0,0,4,0H7Z"
        />
        <circle
          class="ql-stroke"
          cx="9"
          cy="9"
          r="6"
        />
      </svg>
    </button>
  </div>
</div>
`;
